2019-09-20 17:20:37,302 INFO i'm in
